---
source: influxdb3-plugin-cli/tests/cross_cutting.rs
assertion_line: 213
expression: stdout
---
Toggle the `yanked` flag on an existing index entry

Usage: influxdb3-plugin yank [OPTIONS] --index <INDEX> --out <OUT> <NAME@VERSION>

Arguments:
  <NAME@VERSION>
          `<name>@<version>` identifier of the entry to toggle

Options:
      --output <OUTPUT>
          Output format. Auto-detected from stdout's TTY status and `CI` when omitted

          Possible values:
          - human: Colorized, human-readable rendering. Default on TTY
          - json:  Machine-readable JSON on stdout. Default in CI / when stdout is not a terminal

      --index <INDEX>
          Input registry index (read-only)

      --out <OUT>
          Output directory. Receives the derived `index.json`. Created if missing. Must NOT resolve to the directory containing `--index`

      --undo
          Clear `yanked` instead of setting it

  -h, --help
          Print help (see a summary with '-h')
