---
source: influxdb3-plugin-cli/tests/validate_smoke.rs
expression: payload
---
{
  "error": {
    "code": "validate::failed",
    "diagnostics": [
      {
        "code": "validate::name_version_conflict",
        "details": {
          "name": "downsampler",
          "version": "1.2.0"
        },
        "field": "downsampler@1.2.0",
        "message": "plugin (\"downsampler\", \"1.2.0\") already exists in the target index; increment version in manifest.toml or run `yank` instead"
      }
    ],
    "message": "1 validation diagnostic(s)"
  },
  "status": "error"
}
