---
source: influxdb3-plugin-cli/tests/validate_smoke.rs
expression: payload
---
{
  "error": {
    "code": "validate::failed",
    "diagnostics": [
      {
        "code": "validate::async_trigger_fn",
        "details": {
          "trigger": "process_writes"
        },
        "field": "__init__.py",
        "message": "trigger ProcessWrites is implemented as `async def` in __init__.py; the runtime invokes trigger functions synchronously"
      }
    ],
    "message": "1 validation diagnostic(s)"
  },
  "status": "error"
}
