---
source: influxdb3-plugin-sdk/src/error.rs
expression: rendered
---
- "plugin.description: description must not be empty"
- "required file \"__init__.py\" is missing from the plugin directory"
- "__init__.py does not parse as valid Python: unexpected token"
- "trigger ProcessWrites is declared in manifest.toml but has no matching top-level `def process_writes(...)` in __init__.py"
- "trigger ProcessScheduledCall is implemented as `async def` in __init__.py; the runtime invokes trigger functions synchronously"
- "plugin (\"downsampler\", \"1.2.0\") already exists in the target index; increment version or run `yank` instead"
