---
source: influxdb3-plugin-sdk/src/error.rs
expression: rendered
---
- "I/O error at /tmp/x: boom"
- description must not be empty
- 1 validation error(s) found
- "archive construction failed: path too long"
- "hash computation failed: read failed"
- "plugin (\"downsampler\", \"1.2.0\") already exists in the target index. Existing versions of \"downsampler\" in this index: [\"1.0.0\", \"1.1.0\", \"1.2.0\"]. Increment version in manifest.toml or run `yank` instead."
- "plugin (\"downsampler\", \"1.2.0\") is not present in the target index"
- "output directory \"/a\" overlaps with input path \"/a/index.json\"; they must be disjoint"
