---
source: influxdb3-plugin-cli/src/output/json.rs
expression: ALL_WIRE_CODES
---
- "validate::failed"
- "validate::schema_reported"
- "validate::missing_required_file"
- "validate::python_parse"
- "validate::trigger_not_implemented"
- "validate::async_trigger_fn"
- "validate::name_version_conflict"
- "validate::index_read_failed"
- "validate::schema_error"
- "validate::io_failed"
- "validate::sdk_error"
- "package::canonical_collision"
- "package::already_published"
- "package::path_too_long"
- "package::archive_failed"
- "package::hash_failed"
- "package::schema_error"
- "package::path_overlap"
- "package::index_parse_failed"
- "package::io_failed"
- "package::sdk_error"
- "index::index_read_failed"
- "index::index_parse_failed"
- "yank::entry_not_found"
- "yank::index_parse_failed"
- "yank::schema_error"
- "yank::io_failed"
- "yank::sdk_error"
- "new::scaffold_failed"
- "new::derived_name_invalid"
- "new::derived_name_unavailable"
- "new::path_resolution_failed"
- "new::sdk_error"
- "io::read_failed"
- "io::write_failed"
- "io::canonicalize_failed"
- "usage::missing_required_argument"
- "usage::invalid_value"
- "usage::value_validation"
- "usage::unknown_argument"
- "usage::invalid_subcommand"
- "usage::missing_subcommand"
- "usage::too_many_values"
- "usage::too_few_values"
- "usage::parse_error"
- "usage::invalid_name"
- "usage::invalid_artifacts_url"
- "usage::invalid_database_version"
- "usage::invalid_target"
- "usage::input_output_overlap"
- "usage::sibling_canonical_collision"
- "cli::unknown"
