---
source: influxdb3-plugin-schemas/src/error.rs
expression: tags
---
- InvalidPluginName
- ReservedPluginName
- InvalidVersion
- DescriptionTooLong
- DescriptionEmpty
- DescriptionMultiline
- InvalidUrlScheme
- InvalidUrl
- UnknownTriggerType
- EmptyTriggers
- InvalidDatabaseVersion
- InvalidPythonRequirement
- UnsupportedArtifactScheme
- InvalidHash
- DuplicateIndexEntry
- CanonicalCollision
- UnsupportedManifestMajor
- UnsupportedIndexMajor
- MalformedSchemaVersion
- TomlParse
- JsonParse
- JsonSerialize
