---
source: influxdb3-plugin-schemas/src/error.rs
assertion_line: 411
expression: se.to_string()
---
2 schema validation errors:
  1. plugin.name: plugin name "Bad Name" must match `[a-zA-Z][a-zA-Z0-9_-]*` (1-64 chars, ASCII alphanumerics / `-` / `_`, starting with a letter)
  2. plugin.triggers[0]: trigger "on_startup" is not in the closed set {process_writes, process_scheduled_call, process_request}
