---
source: influxdb3-plugin-schemas/src/error.rs
assertion_line: 381
expression: tags
---
- InvalidPluginName
- ReservedPluginName
- InvalidVersion
- DescriptionTooLong
- DescriptionEmpty
- InvalidUrlScheme
- InvalidUrl
- UnknownTriggerType
- EmptyTriggers
- InvalidDatabaseVersion
- InvalidPythonRequirement
- UnsupportedArtifactScheme
- InvalidHash
- DuplicateIndexEntry
- UnsupportedManifestMajor
- UnsupportedIndexMajor
- MalformedSchemaVersion
- TomlParse
- JsonParse
- JsonSerialize
