---
source: influxdb3-plugin-schemas/src/index.rs
expression: idx.to_canonical_json().unwrap()
---
{
  "index_schema_version": "2.1",
  "artifacts_url": "https://example.com/artifacts",
  "plugins": [
    {
      "name": "alpha",
      "version": "1.0.0",
      "published_at": "2026-04-29T18:45:12Z",
      "description": "desc",
      "triggers": [
        "process_writes"
      ],
      "dependencies": {
        "database_version": ">=3.0.0",
        "python": []
      },
      "hash": "sha256:0000000000000000000000000000000000000000000000000000000000000000"
    },
    {
      "name": "beta",
      "version": "2.1.0",
      "published_at": "2026-04-29T18:45:12Z",
      "description": "desc",
      "triggers": [
        "process_writes"
      ],
      "dependencies": {
        "database_version": ">=3.0.0",
        "python": [],
        "plugins": [
          {
            "index_url": "https://plugins.example.com/index.json",
            "name": "geo-lookup",
            "version": ">=1.0.0, <2.0.0"
          }
        ]
      },
      "hash": "sha256:0000000000000000000000000000000000000000000000000000000000000000",
      "yanked": true
    }
  ]
}
